node.exe : npm warn Unknown cli config "--run". This will stop working in the next major version of npm.
At line:1 char:1
+ & "C:\Program Files\nodejs/node.exe" "C:\Users\mailt\AppData\Roaming\ ...
+ ~~~~~~~~~~~~~~~~~~~~~~~~~~~~~~~~~~~~~~~~~~~~~~~~~~~~~~~~~~~~~~~~~~~~~
    + CategoryInfo          : NotSpecified: (npm warn Unknow...version of npm.:String) [], RemoteException
    + FullyQualifiedErrorId : NativeCommandError
 

> claimlens@0.1.0 test
> vitest run


[1m[7m[36m RUN [39m[27m[22m [36mv2.1.9 [39m[90mE:/claimlens-starter[39m

[90mstdout[2m | packages/core/__tests__/circuit-breaker.spec.ts[2m > [22m[2mCircuitBreaker[2m > [22m[2mState Transitions[2m > [22m[2mshould transition to OPEN after failure threshold
[22m[39mCircuit breaker test-service: Opened after 5 failures

 [32mΓ£ô[39m packages/transforms/__tests__/normalize.nutrition.spec.ts [2m([22m[2m15 tests[22m[2m)[22m[90m 41[2mms[22m[39m
[90mstdout[2m | packages/core/__tests__/circuit-breaker.spec.ts[2m > [22m[2mCircuitBreaker[2m > [22m[2mState Transitions[2m > [22m[2mshould transition to HALF_OPEN after reset timeout
[22m[39mCircuit breaker test-service: Opened after 5 failures
Circuit breaker test-service-2: Opened after 5 failures

 [32mΓ£ô[39m packages/core/__tests__/tenant-isolation.spec.ts [2m([22m[2m20 tests[22m[2m)[22m[90m 37[2mms[22m[39m
[90mstderr[2m | packages/core/__tests__/pipeline.spec.ts[2m > [22m[2mTransformPipeline[2m > 
[22m[2mshould handle transform errors gracefully
[22m[39mTransform failing failed: Error: Transform failed
    at failingTransform 
[90m(E:\claimlens-starter\[39mpackages\core\__tests__\pipeline.spec.ts:261:13[90m)[39m
    at TransformPipeline.executeWithTimeout 
[90m(E:\claimlens-starter\[39mpackages\core\pipeline.ts:286:23[90m)[39m
    at TransformPipeline.execute [90m(E:\claimlens-starter\[39mpackages\core\pipeline.ts:164:35[90m)[39m
    at [90mE:\claimlens-starter\[39mpackages\core\__tests__\pipeline.spec.ts:287:36
    at file:///C:/PM%20Tool/node_modules/[4m.pnpm[24m/@vitest+runner@2.1.9/node_modules/[4m@vitest[24m/runn
er/dist/index.js:146:14
    at file:///C:/PM%20Tool/node_modules/[4m.pnpm[24m/@vitest+runner@2.1.9/node_modules/[4m@vitest[24m/runn
er/dist/index.js:533:11
    at runWithTimeout (file:///C:/PM%20Tool/node_modules/[4m.pnpm[24m/@vitest+runner@2.1.9/node_modules/[4m@
vitest[24m/runner/dist/index.js:39:7)
    at runTest (file:///C:/PM%20Tool/node_modules/[4m.pnpm[24m/@vitest+runner@2.1.9/node_modules/[4m@vitest
[24m/runner/dist/index.js:1056:17)
[90m    at processTicksAndRejections (node:internal/process/task_queues:105:5)[39m
    at runSuite (file:///C:/PM%20Tool/node_modules/[4m.pnpm[24m/@vitest+runner@2.1.9/node_modules/[4m@vitest
[24m/runner/dist/index.js:1205:15)

 [32mΓ£ô[39m packages/core/__tests__/audit-manager.spec.ts [2m([22m[2m10 tests[22m[2m)[22m[90m 82[2mms[22m[39m
 [32mΓ£ô[39m packages/core/__tests__/pipeline.spec.ts [2m([22m[2m11 tests[22m[2m)[22m[90m 137[2mms[22m[39m
[90mstdout[2m | packages/core/__tests__/circuit-breaker.spec.ts[2m > [22m[2mCircuitBreaker[2m > [22m[2mState Transitions[2m > [22m[2mshould transition to HALF_OPEN after reset timeout
[22m[39mCircuit breaker test-service-2: Entering HALF_OPEN state

[90mstdout[2m | packages/core/__tests__/circuit-breaker.spec.ts[2m > [22m[2mCircuitBreaker[2m > [22m[2mState Transitions[2m > [22m[2mshould transition from HALF_OPEN to CLOSED after success threshold
[22m[39mCircuit breaker test-service-3: Opened after 5 failures

[90mstdout[2m | packages/core/__tests__/circuit-breaker.spec.ts[2m > [22m[2mCircuitBreaker[2m > [22m[2mState Transitions[2m > [22m[2mshould transition from HALF_OPEN to CLOSED after success threshold
[22m[39mCircuit breaker test-service-3: Entering HALF_OPEN state
Circuit breaker test-service-3: Closed after 2 successful probes

[90mstdout[2m | packages/core/__tests__/circuit-breaker.spec.ts[2m > [22m[2mCircuitBreaker[2m > [22m[2mState Transitions[2m > [22m[2mshould transition from HALF_OPEN back to OPEN on failure
[22m[39mCircuit breaker test-service-4: Opened after 5 failures

[90mstdout[2m | packages/core/__tests__/circuit-breaker.spec.ts[2m > [22m[2mCircuitBreaker[2m > [22m[2mState Transitions[2m > [22m[2mshould transition from HALF_OPEN back to OPEN on failure
[22m[39mCircuit breaker test-service-4: Entering HALF_OPEN state
Circuit breaker test-service-4: Reopened after failure in HALF_OPEN

 [32mΓ£ô[39m packages/transforms/__tests__/rewrite.disclaimer.spec.ts [2m([22m[2m14 tests[22m[2m)[22m[90m 286[2mms[22m[39m
 [32mΓ£ô[39m packages/core/__tests__/policy-loader.spec.ts [2m([22m[2m14 tests[22m[2m)[22m[33m 386[2mms[22m[39m
[90mstdout[2m | packages/core/__tests__/circuit-breaker.spec.ts[2m > [22m[2mCircuitBreaker[2m > [22m[2mReset[2m > [22m[2mshould reset circuit to CLOSED state
[22m[39mCircuit breaker test-service: Opened after 5 failures

 [32mΓ£ô[39m packages/core/__tests__/circuit-breaker.spec.ts [2m([22m[2m12 tests[22m[2m)[22m[33m 1500[2mms[22m[39m
   [33m[2mΓ£ô[22m[39m CircuitBreaker[2m > [22mTimeout Handling[2m > [22mshould timeout after configured duration [33m606[2mms[22m[39m
[90mstdout[2m | packages/core/__tests__/mcp-service-manager.spec.ts[2m > [22m[2mMCPServiceManager[2m > [22m[2mInitialization[2m > [22m[2mshould load service definitions from registry
[22m[39mMCP Service Manager initialized with 2 services

[90mstdout[2m | packages/core/__tests__/mcp-service-manager.spec.ts[2m > [22m[2mMCPServiceManager[2m > [22m[2mInitialization[2m > [22m[2mshould load degraded mode configuration
[22m[39mMCP Service Manager initialized with 2 services

[90mstdout[2m | packages/core/__tests__/mcp-service-manager.spec.ts[2m > [22m[2mMCPServiceManager[2m > [22m[2mInitialization[2m > [22m[2mshould initialize circuit breakers for each service
[22m[39mMCP Service Manager initialized with 2 services

[90mstdout[2m | packages/core/__tests__/mcp-service-manager.spec.ts[2m > [22m[2mMCPServiceManager[2m > [22m[2mService Calls with Circuit Breaker[2m > [22m[2mshould execute successful service calls
[22m[39mMCP Service Manager initialized with 2 services

[90mstdout[2m | packages/core/__tests__/mcp-service-manager.spec.ts[2m > [22m[2mMCPServiceManager[2m > [22m[2mService Calls with Circuit Breaker[2m > [22m[2mshould apply fallback for non-critical service failures
[22m[39mMCP Service Manager initialized with 2 services
Applying fallback for ocr-label: pass_through
Applying fallback for ocr-label: pass_through
Applying fallback for ocr-label: pass_through
Applying fallback for ocr-label: pass_through
Circuit breaker ocr-label: Opened after 5 failures
Applying fallback for ocr-label: pass_through
Applying fallback for ocr-label: pass_through

[90mstderr[2m | packages/core/__tests__/mcp-service-manager.spec.ts[2m > [22m[2mMCPServiceManager[2m > 
[22m[2mService Calls with Circuit Breaker[2m > [22m[2mshould apply fallback for non-critical service 
failures
[22m[39mMCP service ocr-label failed: Error: Service unavailable
    at [90mE:\claimlens-starter\[39mpackages\core\__tests__\mcp-service-manager.spec.ts:142:15
    at mockCall (file:///C:/PM%20Tool/node_modules/[4m.pnpm[24m/@vitest+spy@2.1.9/node_modules/[4m@vitest[2
4m/spy/dist/index.js:61:17)
    at spy (file:///C:/PM%20Tool/node_modules/[4m.pnpm[24m/tinyspy@3.0.2/node_modules/[4mtinyspy[24m/dist/i
ndex.js:45:80)
    at CircuitBreaker.execute [90m(E:\claimlens-starter\[39mpackages\core\circuit-breaker.ts:79:9[90m)[39m
    at MCPServiceManager.callService 
[90m(E:\claimlens-starter\[39mpackages\core\mcp-service-manager.ts:115:36[90m)[39m
    at [90mE:\claimlens-starter\[39mpackages\core\__tests__\mcp-service-manager.spec.ts:147:23
    at file:///C:/PM%20Tool/node_modules/[4m.pnpm[24m/@vitest+runner@2.1.9/node_modules/[4m@vitest[24m/runn
er/dist/index.js:146:14
    at file:///C:/PM%20Tool/node_modules/[4m.pnpm[24m/@vitest+runner@2.1.9/node_modules/[4m@vitest[24m/runn
er/dist/index.js:533:11
    at runWithTimeout (file:///C:/PM%20Tool/node_modules/[4m.pnpm[24m/@vitest+runner@2.1.9/node_modules/[4m@
vitest[24m/runner/dist/index.js:39:7)
    at runTest (file:///C:/PM%20Tool/node_modules/[4m.pnpm[24m/@vitest+runner@2.1.9/node_modules/[4m@vitest
[24m/runner/dist/index.js:1056:17)
MCP service ocr-label failed: Error: Service unavailable
    at [90mE:\claimlens-starter\[39mpackages\core\__tests__\mcp-service-manager.spec.ts:142:15
    at mockCall (file:///C:/PM%20Tool/node_modules/[4m.pnpm[24m/@vitest+spy@2.1.9/node_modules/[4m@vitest[2
4m/spy/dist/index.js:61:17)
    at spy (file:///C:/PM%20Tool/node_modules/[4m.pnpm[24m/tinyspy@3.0.2/node_modules/[4mtinyspy[24m/dist/i
ndex.js:45:80)
    at CircuitBreaker.execute [90m(E:\claimlens-starter\[39mpackages\core\circuit-breaker.ts:79:9[90m)[39m
    at MCPServiceManager.callService 
[90m(E:\claimlens-starter\[39mpackages\core\mcp-service-manager.ts:115:36[90m)[39m
    at [90mE:\claimlens-starter\[39mpackages\core\__tests__\mcp-service-manager.spec.ts:147:23
[90m    at processTicksAndRejections (node:internal/process/task_queues:105:5)[39m
    at file:///C:/PM%20Tool/node_modules/[4m.pnpm[24m/@vitest+runner@2.1.9/node_modules/[4m@vitest[24m/runn
er/dist/index.js:533:5
    at runTest (file:///C:/PM%20Tool/node_modules/[4m.pnpm[24m/@vitest+runner@2.1.9/node_modules/[4m@vitest
[24m/runner/dist/index.js:1056:11)
    at runSuite (file:///C:/PM%20Tool/node_modules/[4m.pnpm[24m/@vitest+runner@2.1.9/node_modules/[4m@vitest
[24m/runner/dist/index.js:1205:15)
MCP service ocr-label failed: Error: Service unavailable
    at [90mE:\claimlens-starter\[39mpackages\core\__tests__\mcp-service-manager.spec.ts:142:15
    at mockCall (file:///C:/PM%20Tool/node_modules/[4m.pnpm[24m/@vitest+spy@2.1.9/node_modules/[4m@vitest[2
4m/spy/dist/index.js:61:17)
    at spy (file:///C:/PM%20Tool/node_modules/[4m.pnpm[24m/tinyspy@3.0.2/node_modules/[4mtinyspy[24m/dist/i
ndex.js:45:80)
    at CircuitBreaker.execute [90m(E:\claimlens-starter\[39mpackages\core\circuit-breaker.ts:79:9[90m)[39m
    at MCPServiceManager.callService 
[90m(E:\claimlens-starter\[39mpackages\core\mcp-service-manager.ts:115:36[90m)[39m
    at [90mE:\claimlens-starter\[39mpackages\core\__tests__\mcp-service-manager.spec.ts:147:23
[90m    at processTicksAndRejections (node:internal/process/task_queues:105:5)[39m
    at file:///C:/PM%20Tool/node_modules/[4m.pnpm[24m/@vitest+runner@2.1.9/node_modules/[4m@vitest[24m/runn
er/dist/index.js:533:5
    at runTest (file:///C:/PM%20Tool/node_modules/[4m.pnpm[24m/@vitest+runner@2.1.9/node_modules/[4m@vitest
[24m/runner/dist/index.js:1056:11)
    at runSuite (file:///C:/PM%20Tool/node_modules/[4m.pnpm[24m/@vitest+runner@2.1.9/node_modules/[4m@vitest
[24m/runner/dist/index.js:1205:15)
MCP service ocr-label failed: Error: Service unavailable
    at [90mE:\claimlens-starter\[39mpackages\core\__tests__\mcp-service-manager.spec.ts:142:15
    at mockCall (file:///C:/PM%20Tool/node_modules/[4m.pnpm[24m/@vitest+spy@2.1.9/node_modules/[4m@vitest[2
4m/spy/dist/index.js:61:17)
    at spy (file:///C:/PM%20Tool/node_modules/[4m.pnpm[24m/tinyspy@3.0.2/node_modules/[4mtinyspy[24m/dist/i
ndex.js:45:80)
    at CircuitBreaker.execute [90m(E:\claimlens-starter\[39mpackages\core\circuit-breaker.ts:79:9[90m)[39m
    at MCPServiceManager.callService 
[90m(E:\claimlens-starter\[39mpackages\core\mcp-service-manager.ts:115:36[90m)[39m
    at [90mE:\claimlens-starter\[39mpackages\core\__tests__\mcp-service-manager.spec.ts:147:23
[90m    at processTicksAndRejections (node:internal/process/task_queues:105:5)[39m
    at file:///C:/PM%20Tool/node_modules/[4m.pnpm[24m/@vitest+runner@2.1.9/node_modules/[4m@vitest[24m/runn
er/dist/index.js:533:5
    at runTest (file:///C:/PM%20Tool/node_modules/[4m.pnpm[24m/@vitest+runner@2.1.9/node_modules/[4m@vitest
[24m/runner/dist/index.js:1056:11)
    at runSuite (file:///C:/PM%20Tool/node_modules/[4m.pnpm[24m/@vitest+runner@2.1.9/node_modules/[4m@vitest
[24m/runner/dist/index.js:1205:15)
MCP service ocr-label failed: Error: Service unavailable
    at [90mE:\claimlens-starter\[39mpackages\core\__tests__\mcp-service-manager.spec.ts:142:15
    at mockCall (file:///C:/PM%20Tool/node_modules/[4m.pnpm[24m/@vitest+spy@2.1.9/node_modules/[4m@vitest[2
4m/spy/dist/index.js:61:17)
    at spy (file:///C:/PM%20Tool/node_modules/[4m.pnpm[24m/tinyspy@3.0.2/node_modules/[4mtinyspy[24m/dist/i
ndex.js:45:80)
    at CircuitBreaker.execute [90m(E:\claimlens-starter\[39mpackages\core\circuit-breaker.ts:79:9[90m)[39m
    at MCPServiceManager.callService 
[90m(E:\claimlens-starter\[39mpackages\core\mcp-service-manager.ts:115:36[90m)[39m
    at [90mE:\claimlens-starter\[39mpackages\core\__tests__\mcp-service-manager.spec.ts:147:23
[90m    at processTicksAndRejections (node:internal/process/task_queues:105:5)[39m
    at file:///C:/PM%20Tool/node_modules/[4m.pnpm[24m/@vitest+runner@2.1.9/node_modules/[4m@vitest[24m/runn
er/dist/index.js:533:5
    at runTest (file:///C:/PM%20Tool/node_modules/[4m.pnpm[24m/@vitest+runner@2.1.9/node_modules/[4m@vitest
[24m/runner/dist/index.js:1056:11)
    at runSuite (file:///C:/PM%20Tool/node_modules/[4m.pnpm[24m/@vitest+runner@2.1.9/node_modules/[4m@vitest
[24m/runner/dist/index.js:1205:15)
MCP service ocr-label failed: Error: Circuit breaker ocr-label is OPEN
    at CircuitBreaker.execute [90m(E:\claimlens-starter\[39mpackages\core\circuit-breaker.ts:65:15[90m)[39m
    at MCPServiceManager.callService 
[90m(E:\claimlens-starter\[39mpackages\core\mcp-service-manager.ts:115:36[90m)[39m
    at [90mE:\claimlens-starter\[39mpackages\core\__tests__\mcp-service-manager.spec.ts:151:36
[90m    at processTicksAndRejections (node:internal/process/task_queues:105:5)[39m
    at file:///C:/PM%20Tool/node_modules/[4m.pnpm[24m/@vitest+runner@2.1.9/node_modules/[4m@vitest[24m/runn
er/dist/index.js:533:5
    at runTest (file:///C:/PM%20Tool/node_modules/[4m.pnpm[24m/@vitest+runner@2.1.9/node_modules/[4m@vitest
[24m/runner/dist/index.js:1056:11)
    at runSuite (file:///C:/PM%20Tool/node_modules/[4m.pnpm[24m/@vitest+runner@2.1.9/node_modules/[4m@vitest
[24m/runner/dist/index.js:1205:15)
    at runSuite (file:///C:/PM%20Tool/node_modules/[4m.pnpm[24m/@vitest+runner@2.1.9/node_modules/[4m@vitest
[24m/runner/dist/index.js:1205:15)
    at runSuite (file:///C:/PM%20Tool/node_modules/[4m.pnpm[24m/@vitest+runner@2.1.9/node_modules/[4m@vitest
[24m/runner/dist/index.js:1205:15)
    at runFiles (file:///C:/PM%20Tool/node_modules/[4m.pnpm[24m/@vitest+runner@2.1.9/node_modules/[4m@vitest
[24m/runner/dist/index.js:1262:5)

[90mstdout[2m | packages/core/__tests__/mcp-service-manager.spec.ts[2m > [22m[2mMCPServiceManager[2m > [22m[2mService Calls with Circuit Breaker[2m > [22m[2mshould apply modify fallback for recall-lookup
[22m[39mMCP Service Manager initialized with 2 services
Applying fallback for recall-lookup: modify
Applying fallback for recall-lookup: modify
Applying fallback for recall-lookup: modify
Applying fallback for recall-lookup: modify
Circuit breaker recall-lookup: Opened after 5 failures
Applying fallback for recall-lookup: modify
Applying fallback for recall-lookup: modify

[90mstderr[2m | packages/core/__tests__/mcp-service-manager.spec.ts[2m > [22m[2mMCPServiceManager[2m > 
[22m[2mService Calls with Circuit Breaker[2m > [22m[2mshould apply modify fallback for recall-lookup
[22m[39mMCP service recall-lookup failed: Error: Service unavailable
    at [90mE:\claimlens-starter\[39mpackages\core\__tests__\mcp-service-manager.spec.ts:157:15
    at mockCall (file:///C:/PM%20Tool/node_modules/[4m.pnpm[24m/@vitest+spy@2.1.9/node_modules/[4m@vitest[2
4m/spy/dist/index.js:61:17)
    at spy (file:///C:/PM%20Tool/node_modules/[4m.pnpm[24m/tinyspy@3.0.2/node_modules/[4mtinyspy[24m/dist/i
ndex.js:45:80)
    at CircuitBreaker.execute [90m(E:\claimlens-starter\[39mpackages\core\circuit-breaker.ts:79:9[90m)[39m
    at MCPServiceManager.callService 
[90m(E:\claimlens-starter\[39mpackages\core\mcp-service-manager.ts:115:36[90m)[39m
    at [90mE:\claimlens-starter\[39mpackages\core\__tests__\mcp-service-manager.spec.ts:162:23
    at file:///C:/PM%20Tool/node_modules/[4m.pnpm[24m/@vitest+runner@2.1.9/node_modules/[4m@vitest[24m/runn
er/dist/index.js:146:14
    at file:///C:/PM%20Tool/node_modules/[4m.pnpm[24m/@vitest+runner@2.1.9/node_modules/[4m@vitest[24m/runn
er/dist/index.js:533:11
    at runWithTimeout (file:///C:/PM%20Tool/node_modules/[4m.pnpm[24m/@vitest+runner@2.1.9/node_modules/[4m@
vitest[24m/runner/dist/index.js:39:7)
    at runTest (file:///C:/PM%20Tool/node_modules/[4m.pnpm[24m/@vitest+runner@2.1.9/node_modules/[4m@vitest
[24m/runner/dist/index.js:1056:17)
MCP service recall-lookup failed: Error: Service unavailable
    at [90mE:\claimlens-starter\[39mpackages\core\__tests__\mcp-service-manager.spec.ts:157:15
    at mockCall (file:///C:/PM%20Tool/node_modules/[4m.pnpm[24m/@vitest+spy@2.1.9/node_modules/[4m@vitest[2
4m/spy/dist/index.js:61:17)
    at spy (file:///C:/PM%20Tool/node_modules/[4m.pnpm[24m/tinyspy@3.0.2/node_modules/[4mtinyspy[24m/dist/i
ndex.js:45:80)
    at CircuitBreaker.execute [90m(E:\claimlens-starter\[39mpackages\core\circuit-breaker.ts:79:9[90m)[39m
    at MCPServiceManager.callService 
[90m(E:\claimlens-starter\[39mpackages\core\mcp-service-manager.ts:115:36[90m)[39m
    at [90mE:\claimlens-starter\[39mpackages\core\__tests__\mcp-service-manager.spec.ts:162:23
[90m    at processTicksAndRejections (node:internal/process/task_queues:105:5)[39m
    at file:///C:/PM%20Tool/node_modules/[4m.pnpm[24m/@vitest+runner@2.1.9/node_modules/[4m@vitest[24m/runn
er/dist/index.js:533:5
    at runTest (file:///C:/PM%20Tool/node_modules/[4m.pnpm[24m/@vitest+runner@2.1.9/node_modules/[4m@vitest
[24m/runner/dist/index.js:1056:11)
    at runSuite (file:///C:/PM%20Tool/node_modules/[4m.pnpm[24m/@vitest+runner@2.1.9/node_modules/[4m@vitest
[24m/runner/dist/index.js:1205:15)
MCP service recall-lookup failed: Error: Service unavailable
    at [90mE:\claimlens-starter\[39mpackages\core\__tests__\mcp-service-manager.spec.ts:157:15
    at mockCall (file:///C:/PM%20Tool/node_modules/[4m.pnpm[24m/@vitest+spy@2.1.9/node_modules/[4m@vitest[2
4m/spy/dist/index.js:61:17)
    at spy (file:///C:/PM%20Tool/node_modules/[4m.pnpm[24m/tinyspy@3.0.2/node_modules/[4mtinyspy[24m/dist/i
ndex.js:45:80)
    at CircuitBreaker.execute [90m(E:\claimlens-starter\[39mpackages\core\circuit-breaker.ts:79:9[90m)[39m
    at MCPServiceManager.callService 
[90m(E:\claimlens-starter\[39mpackages\core\mcp-service-manager.ts:115:36[90m)[39m
    at [90mE:\claimlens-starter\[39mpackages\core\__tests__\mcp-service-manager.spec.ts:162:23
[90m    at processTicksAndRejections (node:internal/process/task_queues:105:5)[39m
    at file:///C:/PM%20Tool/node_modules/[4m.pnpm[24m/@vitest+runner@2.1.9/node_modules/[4m@vitest[24m/runn
er/dist/index.js:533:5
    at runTest (file:///C:/PM%20Tool/node_modules/[4m.pnpm[24m/@vitest+runner@2.1.9/node_modules/[4m@vitest
[24m/runner/dist/index.js:1056:11)
    at runSuite (file:///C:/PM%20Tool/node_modules/[4m.pnpm[24m/@vitest+runner@2.1.9/node_modules/[4m@vitest
[24m/runner/dist/index.js:1205:15)
MCP service recall-lookup failed: Error: Service unavailable
    at [90mE:\claimlens-starter\[39mpackages\core\__tests__\mcp-service-manager.spec.ts:157:15
    at mockCall (file:///C:/PM%20Tool/node_modules/[4m.pnpm[24m/@vitest+spy@2.1.9/node_modules/[4m@vitest[2
4m/spy/dist/index.js:61:17)
    at spy (file:///C:/PM%20Tool/node_modules/[4m.pnpm[24m/tinyspy@3.0.2/node_modules/[4mtinyspy[24m/dist/i
ndex.js:45:80)
    at CircuitBreaker.execute [90m(E:\claimlens-starter\[39mpackages\core\circuit-breaker.ts:79:9[90m)[39m
    at MCPServiceManager.callService 
[90m(E:\claimlens-starter\[39mpackages\core\mcp-service-manager.ts:115:36[90m)[39m
    at [90mE:\claimlens-starter\[39mpackages\core\__tests__\mcp-service-manager.spec.ts:162:23
[90m    at processTicksAndRejections (node:internal/process/task_queues:105:5)[39m
    at file:///C:/PM%20Tool/node_modules/[4m.pnpm[24m/@vitest+runner@2.1.9/node_modules/[4m@vitest[24m/runn
er/dist/index.js:533:5
    at runTest (file:///C:/PM%20Tool/node_modules/[4m.pnpm[24m/@vitest+runner@2.1.9/node_modules/[4m@vitest
[24m/runner/dist/index.js:1056:11)
    at runSuite (file:///C:/PM%20Tool/node_modules/[4m.pnpm[24m/@vitest+runner@2.1.9/node_modules/[4m@vitest
[24m/runner/dist/index.js:1205:15)
MCP service recall-lookup failed: Error: Service unavailable
    at [90mE:\claimlens-starter\[39mpackages\core\__tests__\mcp-service-manager.spec.ts:157:15
    at mockCall (file:///C:/PM%20Tool/node_modules/[4m.pnpm[24m/@vitest+spy@2.1.9/node_modules/[4m@vitest[2
4m/spy/dist/index.js:61:17)
    at spy (file:///C:/PM%20Tool/node_modules/[4m.pnpm[24m/tinyspy@3.0.2/node_modules/[4mtinyspy[24m/dist/i
ndex.js:45:80)
    at CircuitBreaker.execute [90m(E:\claimlens-starter\[39mpackages\core\circuit-breaker.ts:79:9[90m)[39m
    at MCPServiceManager.callService 
[90m(E:\claimlens-starter\[39mpackages\core\mcp-service-manager.ts:115:36[90m)[39m
    at [90mE:\claimlens-starter\[39mpackages\core\__tests__\mcp-service-manager.spec.ts:162:23
[90m    at processTicksAndRejections (node:internal/process/task_queues:105:5)[39m
    at file:///C:/PM%20Tool/node_modules/[4m.pnpm[24m/@vitest+runner@2.1.9/node_modules/[4m@vitest[24m/runn
er/dist/index.js:533:5
    at runTest (file:///C:/PM%20Tool/node_modules/[4m.pnpm[24m/@vitest+runner@2.1.9/node_modules/[4m@vitest
[24m/runner/dist/index.js:1056:11)
    at runSuite (file:///C:/PM%20Tool/node_modules/[4m.pnpm[24m/@vitest+runner@2.1.9/node_modules/[4m@vitest
[24m/runner/dist/index.js:1205:15)
MCP service recall-lookup failed: Error: Circuit breaker recall-lookup is OPEN
    at CircuitBreaker.execute [90m(E:\claimlens-starter\[39mpackages\core\circuit-breaker.ts:65:15[90m)[39m
    at MCPServiceManager.callService 
[90m(E:\claimlens-starter\[39mpackages\core\mcp-service-manager.ts:115:36[90m)[39m
    at [90mE:\claimlens-starter\[39mpackages\core\__tests__\mcp-service-manager.spec.ts:166:36
[90m    at processTicksAndRejections (node:internal/process/task_queues:105:5)[39m
    at file:///C:/PM%20Tool/node_modules/[4m.pnpm[24m/@vitest+runner@2.1.9/node_modules/[4m@vitest[24m/runn
er/dist/index.js:533:5
    at runTest (file:///C:/PM%20Tool/node_modules/[4m.pnpm[24m/@vitest+runner@2.1.9/node_modules/[4m@vitest
[24m/runner/dist/index.js:1056:11)
    at runSuite (file:///C:/PM%20Tool/node_modules/[4m.pnpm[24m/@vitest+runner@2.1.9/node_modules/[4m@vitest
[24m/runner/dist/index.js:1205:15)
    at runSuite (file:///C:/PM%20Tool/node_modules/[4m.pnpm[24m/@vitest+runner@2.1.9/node_modules/[4m@vitest
[24m/runner/dist/index.js:1205:15)
    at runSuite (file:///C:/PM%20Tool/node_modules/[4m.pnpm[24m/@vitest+runner@2.1.9/node_modules/[4m@vitest
[24m/runner/dist/index.js:1205:15)
    at runFiles (file:///C:/PM%20Tool/node_modules/[4m.pnpm[24m/@vitest+runner@2.1.9/node_modules/[4m@vitest
[24m/runner/dist/index.js:1262:5)

[90mstderr[2m | packages/core/__tests__/pipeline.integration.spec.ts[2m > [22m[2mTransform Pipeline 
Integration Tests[2m > [22m[2mTransform Registration and Discovery[2m > [22m[2mshould allow overwriting 
registered transforms
[22m[39mTransform test.transform already registered, overwriting

[90mstderr[2m | packages/core/__tests__/pipeline.integration.spec.ts[2m > [22m[2mTransform Pipeline 
Integration Tests[2m > [22m[2mError Handling and Degraded Mode[2m > [22m[2mshould continue pipeline 
execution when a transform fails
[22m[39mTransform failing failed: Error: Transform crashed
    at failing 
[90m(E:\claimlens-starter\[39mpackages\core\__tests__\pipeline.integration.spec.ts:461:15[90m)[39m
    at TransformPipeline.executeWithTimeout 
[90m(E:\claimlens-starter\[39mpackages\core\pipeline.ts:286:23[90m)[39m
    at TransformPipeline.execute [90m(E:\claimlens-starter\[39mpackages\core\pipeline.ts:164:35[90m)[39m
    at [90mE:\claimlens-starter\[39mpackages\core\__tests__\pipeline.integration.spec.ts:481:23
    at file:///C:/PM%20Tool/node_modules/[4m.pnpm[24m/@vitest+runner@2.1.9/node_modules/[4m@vitest[24m/runn
er/dist/index.js:533:5
    at runTest (file:///C:/PM%20Tool/node_modules/[4m.pnpm[24m/@vitest+runner@2.1.9/node_modules/[4m@vitest
[24m/runner/dist/index.js:1056:11)
    at runSuite (file:///C:/PM%20Tool/node_modules/[4m.pnpm[24m/@vitest+runner@2.1.9/node_modules/[4m@vitest
[24m/runner/dist/index.js:1205:15)
    at runSuite (file:///C:/PM%20Tool/node_modules/[4m.pnpm[24m/@vitest+runner@2.1.9/node_modules/[4m@vitest
[24m/runner/dist/index.js:1205:15)
    at runSuite (file:///C:/PM%20Tool/node_modules/[4m.pnpm[24m/@vitest+runner@2.1.9/node_modules/[4m@vitest
[24m/runner/dist/index.js:1205:15)
    at runFiles (file:///C:/PM%20Tool/node_modules/[4m.pnpm[24m/@vitest+runner@2.1.9/node_modules/[4m@vitest
[24m/runner/dist/index.js:1262:5)

[90mstderr[2m | packages/core/__tests__/pipeline.integration.spec.ts[2m > [22m[2mTransform Pipeline 
Integration Tests[2m > [22m[2mError Handling and Degraded Mode[2m > [22m[2mshould skip unregistered 
transforms and continue
[22m[39mTransform unregistered not registered, skipping
[90mstdout[2m | packages/core/__tests__/mcp-service-manager.spec.ts[2m > [22m[2mMCPServiceManager[2m > [22m[2mService Calls with Circuit Breaker[2m > [22m[2mshould throw error for unknown service
[22m[39mMCP Service Manager initialized with 2 services

[90mstdout[2m | packages/core/__tests__/mcp-service-manager.spec.ts[2m > [22m[2mMCPServiceManager[2m > [22m[2mHealth Checking[2m > [22m[2mshould check service health via HTTP
[22m[39mMCP Service Manager initialized with 2 services

[90mstdout[2m | packages/core/__tests__/mcp-service-manager.spec.ts[2m > [22m[2mMCPServiceManager[2m > [22m[2mHealth Checking[2m > [22m[2mshould mark service as down on health check failure
[22m[39mMCP Service Manager initialized with 2 services

[90mstdout[2m | packages/core/__tests__/mcp-service-manager.spec.ts[2m > [22m[2mMCPServiceManager[2m > [22m[2mDegraded Mode Detection[2m > [22m[2mshould detect degraded services
[22m[39mMCP Service Manager initialized with 2 services
Applying fallback for ocr-label: pass_through
Applying fallback for ocr-label: pass_through
Applying fallback for ocr-label: pass_through
Applying fallback for ocr-label: pass_through
Circuit breaker ocr-label: Opened after 5 failures
Applying fallback for ocr-label: pass_through


[90mstderr[2m | packages/core/__tests__/mcp-service-manager.spec.ts[2m > [22m[2mMCPServiceManager[2m > 
[22m[2mDegraded Mode Detection[2m > [22m[2mshould detect degraded services
[22m[39mMCP service ocr-label failed: Error: Service failure
    at [90mE:\claimlens-starter\[39mpackages\core\__tests__\mcp-service-manager.spec.ts:224:15
    at mockCall (file:///C:/PM%20Tool/node_modules/[4m.pnpm[24m/@vitest+spy@2.1.9/node_modules/[4m@vitest[2
4m/spy/dist/index.js:61:17)
    at spy (file:///C:/PM%20Tool/node_modules/[4m.pnpm[24m/tinyspy@3.0.2/node_modules/[4mtinyspy[24m/dist/i
ndex.js:45:80)
    at CircuitBreaker.execute [90m(E:\claimlens-starter\[39mpackages\core\circuit-breaker.ts:79:9[90m)[39m
    at MCPServiceManager.callService 
[90m(E:\claimlens-starter\[39mpackages\core\mcp-service-manager.ts:115:36[90m)[39m
[90mstdout[2m | packages/core/__tests__/mcp-service-manager.spec.ts[2m > [22m[2mMCPServiceManager[2m > [22m[2mDegraded Mode Detection[2m > [22m[2mshould generate audit notes for degraded services
[22m[39mMCP Service Manager initialized with 2 services
Applying fallback for unit-convert: pass_through
Applying fallback for unit-convert: pass_through
Applying fallback for unit-convert: pass_through
Applying fallback for unit-convert: pass_through
Circuit breaker unit-convert: Opened after 5 failures
Applying fallback for unit-convert: pass_through

    at [90mE:\claimlens-starter\[39mpackages\core\__tests__\mcp-service-manager.spec.ts:229:23
    at file:///C:/PM%20Tool/node_modules/[4m.pnpm[24m/@vitest+runner@2.1.9/node_modules/[4m@vitest[24m/runn
er/dist/index.js:146:14
    at file:///C:/PM%20Tool/node_modules/[4m.pnpm[24m/@vitest+runner@2.1.9/node_modules/[4m@vitest[24m/runn
er/dist/index.js:533:11
    at runWithTimeout (file:///C:/PM%20Tool/node_modules/[4m.pnpm[24m/@vitest+runner@2.1.9/node_modules/[4m@
vitest[24m/runner/dist/index.js:39:7)
    at runTest (file:///C:/PM%20Tool/node_modules/[4m.pnpm[24m/@vitest+runner@2.1.9/node_modules/[4m@vitest
[24m/runner/dist/index.js:1056:17)
MCP service ocr-label failed: Error: Service failure
    at [90mE:\claimlens-starter\[39mpackages\core\__tests__\mcp-service-manager.spec.ts:224:15
    at mockCall (file:///C:/PM%20Tool/node_modules/[4m.pnpm[24m/@vitest+spy@2.1.9/node_modules/[4m@vitest[2
4m/spy/dist/index.js:61:17)
    at spy (file:///C:/PM%20Tool/node_modules/[4m.pnpm[24m/tinyspy@3.0.2/node_modules/[4mtinyspy[24m/dist/i
ndex.js:45:80)
    at CircuitBreaker.execute [90m(E:\claimlens-starter\[39mpackages\core\circuit-breaker.ts:79:9[90m)[39m
    at MCPServiceManager.callService 
[90m(E:\claimlens-starter\[39mpackages\core\mcp-service-manager.ts:115:36[90m)[39m
    at [90mE:\claimlens-starter\[39mpackages\core\__tests__\mcp-service-manager.spec.ts:229:23
[90m    at processTicksAndRejections (node:internal/process/task_queues:105:5)[39m
    at file:///C:/PM%20Tool/node_modules/[4m.pnpm[24m/@vitest+runner@2.1.9/node_modules/[4m@vitest[24m/runn
er/dist/index.js:533:5
    at runTest (file:///C:/PM%20Tool/node_modules/[4m.pnpm[24m/@vitest+runner@2.1.9/node_modules/[4m@vitest
[24m/runner/dist/index.js:1056:11)
    at runSuite (file:///C:/PM%20Tool/node_modules/[4m.pnpm[24m/@vitest+runner@2.1.9/node_modules/[4m@vitest
[24m/runner/dist/index.js:1205:15)
MCP service ocr-label failed: Error: Service failure
    at [90mE:\claimlens-starter\[39mpackages\core\__tests__\mcp-service-manager.spec.ts:224:15
    at mockCall (file:///C:/PM%20Tool/node_modules/[4m.pnpm[24m/@vitest+spy@2.1.9/node_modules/[4m@vitest[2
4m/spy/dist/index.js:61:17)
    at spy (file:///C:/PM%20Tool/node_modules/[4m.pnpm[24m/tinyspy@3.0.2/node_modules/[4mtinyspy[24m/dist/i
ndex.js:45:80)
    at CircuitBreaker.execute [90m(E:\claimlens-starter\[39mpackages\core\circuit-breaker.ts:79:9[90m)[39m
    at MCPServiceManager.callService 
[90m(E:\claimlens-starter\[39mpackages\core\mcp-service-manager.ts:115:36[90m)[39m
    at [90mE:\claimlens-starter\[39mpackages\core\__tests__\mcp-service-manager.spec.ts:229:23
[90m    at processTicksAndRejections (node:internal/process/task_queues:105:5)[39m
    at file:///C:/PM%20Tool/node_modules/[4m.pnpm[24m/@vitest+runner@2.1.9/node_modules/[4m@vitest[24m/runn
er/dist/index.js:533:5
    at runTest (file:///C:/PM%20Tool/node_modules/[4m.pnpm[24m/@vitest+runner@2.1.9/node_modules/[4m@vitest
[24m/runner/dist/index.js:1056:11)
    at runSuite (file:///C:/PM%20Tool/node_modules/[4m.pnpm[24m/@vitest+runner@2.1.9/node_modules/[4m@vitest
[24m/runner/dist/index.js:1205:15)
MCP service ocr-label failed: Error: Service failure
    at [90mE:\claimlens-starter\[39mpackages\core\__tests__\mcp-service-manager.spec.ts:224:15
    at mockCall (file:///C:/PM%20Tool/node_modules/[4m.pnpm[24m/@vitest+spy@2.1.9/node_modules/[4m@vitest[2
4m/spy/dist/index.js:61:17)
    at spy (file:///C:/PM%20Tool/node_modules/[4m.pnpm[24m/tinyspy@3.0.2/node_modules/[4mtinyspy[24m/dist/i
ndex.js:45:80)
    at CircuitBreaker.execute [90m(E:\claimlens-starter\[39mpackages\core\circuit-breaker.ts:79:9[90m)[39m
    at MCPServiceManager.callService 
[90m(E:\claimlens-starter\[39mpackages\core\mcp-service-manager.ts:115:36[90m)[39m
    at [90mE:\claimlens-starter\[39mpackages\core\__tests__\mcp-service-manager.spec.ts:229:23
[90m    at processTicksAndRejections (node:internal/process/task_queues:105:5)[39m
    at file:///C:/PM%20Tool/node_modules/[4m.pnpm[24m/@vitest+runner@2.1.9/node_modules/[4m@vitest[24m/runn
er/dist/index.js:533:5
    at runTest (file:///C:/PM%20Tool/node_modules/[4m.pnpm[24m/@vitest+runner@2.1.9/node_modules/[4m@vitest
[24m/runner/dist/index.js:1056:11)
    at runSuite (file:///C:/PM%20Tool/node_modules/[4m.pnpm[24m/@vitest+runner@2.1.9/node_modules/[4m@vitest
[24m/runner/dist/index.js:1205:15)
MCP service ocr-label failed: Error: Service failure
    at [90mE:\claimlens-starter\[39mpackages\core\__tests__\mcp-service-manager.spec.ts:224:15
    at mockCall (file:///C:/PM%20Tool/node_modules/[4m.pnpm[24m/@vitest+spy@2.1.9/node_modules/[4m@vitest[2
4m/spy/dist/index.js:61:17)
    at spy (file:///C:/PM%20Tool/node_modules/[4m.pnpm[24m/tinyspy@3.0.2/node_modules/[4mtinyspy[24m/dist/i
ndex.js:45:80)
    at CircuitBreaker.execute [90m(E:\claimlens-starter\[39mpackages\core\circuit-breaker.ts:79:9[90m)[39m
    at MCPServiceManager.callService 
[90m(E:\claimlens-starter\[39mpackages\core\mcp-service-manager.ts:115:36[90m)[39m
    at [90mE:\claimlens-starter\[39mpackages\core\__tests__\mcp-service-manager.spec.ts:229:23
[90m    at processTicksAndRejections (node:internal/process/task_queues:105:5)[39m
    at file:///C:/PM%20Tool/node_modules/[4m.pnpm[24m/@vitest+runner@2.1.9/node_modules/[4m@vitest[24m/runn
er/dist/index.js:533:5
    at runTest (file:///C:/PM%20Tool/node_modules/[4m.pnpm[24m/@vitest+runner@2.1.9/node_modules/[4m@vitest
[24m/runner/dist/index.js:1056:11)
    at runSuite (file:///C:/PM%20Tool/node_modules/[4m.pnpm[24m/@vitest+runner@2.1.9/node_modules/[4m@vitest
[24m/runner/dist/index.js:1205:15)

[90mstderr[2m | packages/core/__tests__/mcp-service-manager.spec.ts[2m > [22m[2mMCPServiceManager[2m > 
[22m[2mDegraded Mode Detection[2m > [22m[2mshould generate audit notes for degraded services
[22m[39mMCP service unit-convert failed: Error: Service failure
    at [90mE:\claimlens-starter\[39mpackages\core\__tests__\mcp-service-manager.spec.ts:238:15
    at mockCall (file:///C:/PM%20Tool/node_modules/[4m.pnpm[24m/@vitest+spy@2.1.9/node_modules/[4m@vitest[2
4m/spy/dist/index.js:61:17)
    at spy (file:///C:/PM%20Tool/node_modules/[4m.pnpm[24m/tinyspy@3.0.2/node_modules/[4mtinyspy[24m/dist/i
ndex.js:45:80)
    at CircuitBreaker.execute [90m(E:\claimlens-starter\[39mpackages\core\circuit-breaker.ts:79:9[90m)[39m
    at MCPServiceManager.callService 
[90m(E:\claimlens-starter\[39mpackages\core\mcp-service-manager.ts:115:36[90m)[39m
    at [90mE:\claimlens-starter\[39mpackages\core\__tests__\mcp-service-manager.spec.ts:243:23
    at file:///C:/PM%20Tool/node_modules/[4m.pnpm[24m/@vitest+runner@2.1.9/node_modules/[4m@vitest[24m/runn
er/dist/index.js:146:14
    at file:///C:/PM%20Tool/node_modules/[4m.pnpm[24m/@vitest+runner@2.1.9/node_modules/[4m@vitest[24m/runn
er/dist/index.js:533:11
    at runWithTimeout (file:///C:/PM%20Tool/node_modules/[4m.pnpm[24m/@vitest+runner@2.1.9/node_modules/[4m@
vitest[24m/runner/dist/index.js:39:7)
    at runTest (file:///C:/PM%20Tool/node_modules/[4m.pnpm[24m/@vitest+runner@2.1.9/node_modules/[4m@vitest
[24m/runner/dist/index.js:1056:17)
MCP service unit-convert failed: Error: Service failure
    at [90mE:\claimlens-starter\[39mpackages\core\__tests__\mcp-service-manager.spec.ts:238:15
    at mockCall (file:///C:/PM%20Tool/node_modules/[4m.pnpm[24m/@vitest+spy@2.1.9/node_modules/[4m@vitest[2
4m/spy/dist/index.js:61:17)
    at spy (file:///C:/PM%20Tool/node_modules/[4m.pnpm[24m/tinyspy@3.0.2/node_modules/[4mtinyspy[24m/dist/i
ndex.js:45:80)
    at CircuitBreaker.execute [90m(E:\claimlens-starter\[39mpackages\core\circuit-breaker.ts:79:9[90m)[39m
    at MCPServiceManager.callService 
[90m(E:\claimlens-starter\[39mpackages\core\mcp-service-manager.ts:115:36[90m)[39m
    at [90mE:\claimlens-starter\[39mpackages\core\__tests__\mcp-service-manager.spec.ts:243:23
[90m    at processTicksAndRejections (node:internal/process/task_queues:105:5)[39m
    at file:///C:/PM%20Tool/node_modules/[4m.pnpm[24m/@vitest+runner@2.1.9/node_modules/[4m@vitest[24m/runn
er/dist/index.js:533:5
    at runTest (file:///C:/PM%20Tool/node_modules/[4m.pnpm[24m/@vitest+runner@2.1.9/node_modules/[4m@vitest
[24m/runner/dist/index.js:1056:11)
    at runSuite (file:///C:/PM%20Tool/node_modules/[4m.pnpm[24m/@vitest+runner@2.1.9/node_modules/[4m@vitest
[24m/runner/dist/index.js:1205:15)
MCP service unit-convert failed: Error: Service failure
    at [90mE:\claimlens-starter\[39mpackages\core\__tests__\mcp-service-manager.spec.ts:238:15
    at mockCall (file:///C:/PM%20Tool/node_modules/[4m.pnpm[24m/@vitest+spy@2.1.9/node_modules/[4m@vitest[2
4m/spy/dist/index.js:61:17)
    at spy (file:///C:/PM%20Tool/node_modules/[4m.pnpm[24m/tinyspy@3.0.2/node_modules/[4mtinyspy[24m/dist/i
ndex.js:45:80)
    at CircuitBreaker.execute [90m(E:\claimlens-starter\[39mpackages\core\circuit-breaker.ts:79:9[90m)[39m
    at MCPServiceManager.callService 
[90m(E:\claimlens-starter\[39mpackages\core\mcp-service-manager.ts:115:36[90m)[39m
    at [90mE:\claimlens-starter\[39mpackages\core\__tests__\mcp-service-manager.spec.ts:243:23
[90m    at processTicksAndRejections (node:internal/process/task_queues:105:5)[39m
    at file:///C:/PM%20Tool/node_modules/[4m.pnpm[24m/@vitest+runner@2.1.9/node_modules/[4m@vitest[24m/runn
er/dist/index.js:533:5
    at runTest (file:///C:/PM%20Tool/node_modules/[4m.pnpm[24m/@vitest+runner@2.1.9/node_modules/[4m@vitest
[24m/runner/dist/index.js:1056:11)
    at runSuite (file:///C:/PM%20Tool/node_modules/[4m.pnpm[24m/@vitest+runner@2.1.9/node_modules/[4m@vitest
[24m/runner/dist/index.js:1205:15)
MCP service unit-convert failed: Error: Service failure
    at [90mE:\claimlens-starter\[39mpackages\core\__tests__\mcp-service-manager.spec.ts:238:15
    at mockCall (file:///C:/PM%20Tool/node_modules/[4m.pnpm[24m/@vitest+spy@2.1.9/node_modules/[4m@vitest[2
4m/spy/dist/index.js:61:17)
    at spy (file:///C:/PM%20Tool/node_modules/[4m.pnpm[24m/tinyspy@3.0.2/node_modules/[4mtinyspy[24m/dist/i
ndex.js:45:80)
    at CircuitBreaker.execute [90m(E:\claimlens-starter\[39mpackages\core\circuit-breaker.ts:79:9[90m)[39m
    at MCPServiceManager.callService 
[90m(E:\claimlens-starter\[39mpackages\core\mcp-service-manager.ts:115:36[90m)[39m
    at [90mE:\claimlens-starter\[39mpackages\core\__tests__\mcp-service-manager.spec.ts:243:23
[90m    at processTicksAndRejections (node:internal/process/task_queues:105:5)[39m
    at file:///C:/PM%20Tool/node_modules/[4m.pnpm[24m/@vitest+runner@2.1.9/node_modules/[4m@vitest[24m/runn
er/dist/index.js:533:5
    at runTest (file:///C:/PM%20Tool/node_modules/[4m.pnpm[24m/@vitest+runner@2.1.9/node_modules/[4m@vitest
[24m/runner/dist/index.js:1056:11)
    at runSuite (file:///C:/PM%20Tool/node_modules/[4m.pnpm[24m/@vitest+runner@2.1.9/node_modules/[4m@vitest
[24m/runner/dist/index.js:1205:15)
MCP service unit-convert failed: Error: Service failure
    at [90mE:\claimlens-starter\[39mpackages\core\__tests__\mcp-service-manager.spec.ts:238:15
    at mockCall (file:///C:/PM%20Tool/node_modules/[4m.pnpm[24m/@vitest+spy@2.1.9/node_modules/[4m@vitest[2
4m/spy/dist/index.js:61:17)
    at spy (file:///C:/PM%20Tool/node_modules/[4m.pnpm[24m/tinyspy@3.0.2/node_modules/[4mtinyspy[24m/dist/i
ndex.js:45:80)
    at CircuitBreaker.execute [90m(E:\claimlens-starter\[39mpackages\core\circuit-breaker.ts:79:9[90m)[39m
    at MCPServiceManager.callService 
[90m(E:\claimlens-starter\[39mpackages\core\mcp-service-manager.ts:115:36[90m)[39m
    at [90mE:\claimlens-starter\[39mpackages\core\__tests__\mcp-service-manager.spec.ts:243:23
[90m    at processTicksAndRejections (node:internal/process/task_queues:105:5)[39m
    at file:///C:/PM%20Tool/node_modules/[4m.pnpm[24m/@vitest+runner@2.1.9/node_modules/[4m@vitest[24m/runn
er/dist/index.js:533:5
    at runTest (file:///C:/PM%20Tool/node_modules/[4m.pnpm[24m/@vitest+runner@2.1.9/node_modules/[4m@vitest
[24m/runner/dist/index.js:1056:11)
    at runSuite (file:///C:/PM%20Tool/node_modules/[4m.pnpm[24m/@vitest+runner@2.1.9/node_modules/[4m@vitest
[24m/runner/dist/index.js:1205:15)

[90mstderr[2m | packages/core/__tests__/pipeline.integration.spec.ts[2m > [22m[2mTransform Pipeline 
Integration Tests[2m > [22m[2mError Handling and Degraded Mode[2m > [22m[2mshould handle transform 
timeout gracefully
[22m[39mTransform slow failed: Error: Transform timeout
    at Timeout._onTimeout [90m(E:\claimlens-starter\[39mpackages\core\pipeline.ts:288:33[90m)[39m
[90m    at listOnTimeout (node:internal/timers:588:17)[39m
[90m    at processTimers (node:internal/timers:523:7)[39m

[90mstdout[2m | packages/core/__tests__/mcp-service-manager.spec.ts[2m > [22m[2mMCPServiceManager[2m > [22m[2mDegraded Mode Detection[2m > [22m[2mshould generate banner text for degraded services
[22m[39mMCP Service Manager initialized with 2 services
Applying fallback for ocr-label: pass_through
Applying fallback for unit-convert: pass_through
Applying fallback for ocr-label: pass_through
Applying fallback for unit-convert: pass_through
Applying fallback for ocr-label: pass_through
Applying fallback for unit-convert: pass_through
Applying fallback for ocr-label: pass_through
Applying fallback for unit-convert: pass_through
Circuit breaker ocr-label: Opened after 5 failures
Applying fallback for ocr-label: pass_through
Circuit breaker unit-convert: Opened after 5 failures
Applying fallback for unit-convert: pass_through

[90mstdout[2m | packages/core/__tests__/transform-chain.integration.spec.ts[2m > [22m[2mTransform Chain Integration Tests[2m > [22m[2mPerformance Budget Validation[2m > [22m[2mshould process all edge-case fixtures within budget
[22m[39mPerformance metrics for 10 items:
  p50: 0.42ms
  p95: 1.06ms
  avg: 0.53ms
  max: 1.06ms

[90mstderr[2m | packages/core/__tests__/mcp-service-manager.spec.ts[2m > [22m[2mMCPServiceManager[2m > 
[22m[2mDegraded Mode Detection[2m > [22m[2mshould generate banner text for degraded services
[22m[39mMCP service ocr-label failed: Error: Service failure
    at [90mE:\claimlens-starter\[39mpackages\core\__tests__\mcp-service-manager.spec.ts:252:15
    at mockCall (file:///C:/PM%20Tool/node_modules/[4m.pnpm[24m/@vitest+spy@2.1.9/node_modules/[4m@vitest[2
4m/spy/dist/index.js:61:17)
    at spy (file:///C:/PM%20Tool/node_modules/[4m.pnpm[24m/tinyspy@3.0.2/node_modules/[4mtinyspy[24m/dist/i
ndex.js:45:80)
    at CircuitBreaker.execute [90m(E:\claimlens-starter\[39mpackages\core\circuit-breaker.ts:79:9[90m)[39m
    at MCPServiceManager.callService 
[90m(E:\claimlens-starter\[39mpackages\core\mcp-service-manager.ts:115:36[90m)[39m
    at [90mE:\claimlens-starter\[39mpackages\core\__tests__\mcp-service-manager.spec.ts:257:23
    at file:///C:/PM%20Tool/node_modules/[4m.pnpm[24m/@vitest+runner@2.1.9/node_modules/[4m@vitest[24m/runn
er/dist/index.js:146:14
    at file:///C:/PM%20Tool/node_modules/[4m.pnpm[24m/@vitest+runner@2.1.9/node_modules/[4m@vitest[24m/runn
er/dist/index.js:533:11
    at runWithTimeout (file:///C:/PM%20Tool/node_modules/[4m.pnpm[24m/@vitest+runner@2.1.9/node_modules/[4m@
vitest[24m/runner/dist/index.js:39:7)
    at runTest (file:///C:/PM%20Tool/node_modules/[4m.pnpm[24m/@vitest+runner@2.1.9/node_modules/[4m@vitest
[24m/runner/dist/index.js:1056:17)
MCP service unit-convert failed: Error: Service failure
    at [90mE:\claimlens-starter\[39mpackages\core\__tests__\mcp-service-manager.spec.ts:252:15
    at mockCall (file:///C:/PM%20Tool/node_modules/[4m.pnpm[24m/@vitest+spy@2.1.9/node_modules/[4m@vitest[2
4m/spy/dist/index.js:61:17)
    at spy (file:///C:/PM%20Tool/node_modules/[4m.pnpm[24m/tinyspy@3.0.2/node_modules/[4mtinyspy[24m/dist/i
ndex.js:45:80)
    at CircuitBreaker.execute [90m(E:\claimlens-starter\[39mpackages\core\circuit-breaker.ts:79:9[90m)[39m
    at MCPServiceManager.callService 
[90m(E:\claimlens-starter\[39mpackages\core\mcp-service-manager.ts:115:36[90m)[39m
    at [90mE:\claimlens-starter\[39mpackages\core\__tests__\mcp-service-manager.spec.ts:258:23
[90m    at processTicksAndRejections (node:internal/process/task_queues:105:5)[39m
    at file:///C:/PM%20Tool/node_modules/[4m.pnpm[24m/@vitest+runner@2.1.9/node_modules/[4m@vitest[24m/runn
er/dist/index.js:533:5
    at runTest (file:///C:/PM%20Tool/node_modules/[4m.pnpm[24m/@vitest+runner@2.1.9/node_modules/[4m@vitest
[24m/runner/dist/index.js:1056:11)
    at runSuite (file:///C:/PM%20Tool/node_modules/[4m.pnpm[24m/@vitest+runner@2.1.9/node_modules/[4m@vitest
[24m/runner/dist/index.js:1205:15)
MCP service ocr-label failed: Error: Service failure
    at [90mE:\claimlens-starter\[39mpackages\core\__tests__\mcp-service-manager.spec.ts:252:15
    at mockCall (file:///C:/PM%20Tool/node_modules/[4m.pnpm[24m/@vitest+spy@2.1.9/node_modules/[4m@vitest[2
4m/spy/dist/index.js:61:17)
    at spy (file:///C:/PM%20Tool/node_modules/[4m.pnpm[24m/tinyspy@3.0.2/node_modules/[4mtinyspy[24m/dist/i
ndex.js:45:80)
    at CircuitBreaker.execute [90m(E:\claimlens-starter\[39mpackages\core\circuit-breaker.ts:79:9[90m)[39m
    at MCPServiceManager.callService 
[90m(E:\claimlens-starter\[39mpackages\core\mcp-service-manager.ts:115:36[90m)[39m
    at [90mE:\claimlens-starter\[39mpackages\core\__tests__\mcp-service-manager.spec.ts:257:23
[90m    at processTicksAndRejections (node:internal/process/task_queues:105:5)[39m
    at file:///C:/PM%20Tool/node_modules/[4m.pnpm[24m/@vitest+runner@2.1.9/node_modules/[4m@vitest[24m/runn
er/dist/index.js:533:5
    at runTest (file:///C:/PM%20Tool/node_modules/[4m.pnpm[24m/@vitest+runner@2.1.9/node_modules/[4m@vitest
[24m/runner/dist/index.js:1056:11)
    at runSuite (file:///C:/PM%20Tool/node_modules/[4m.pnpm[24m/@vitest+runner@2.1.9/node_modules/[4m@vitest
[24m/runner/dist/index.js:1205:15)
MCP service unit-convert failed: Error: Service failure
    at [90mE:\claimlens-starter\[39mpackages\core\__tests__\mcp-service-manager.spec.ts:252:15
    at mockCall (file:///C:/PM%20Tool/node_modules/[4m.pnpm[24m/@vitest+spy@2.1.9/node_modules/[4m@vitest[2
4m/spy/dist/index.js:61:17)
    at spy (file:///C:/PM%20Tool/node_modules/[4m.pnpm[24m/tinyspy@3.0.2/node_modules/[4mtinyspy[24m/dist/i
ndex.js:45:80)
    at CircuitBreaker.execute [90m(E:\claimlens-starter\[39mpackages\core\circuit-breaker.ts:79:9[90m)[39m
    at MCPServiceManager.callService 
[90m(E:\claimlens-starter\[39mpackages\core\mcp-service-manager.ts:115:36[90m)[39m
    at [90mE:\claimlens-starter\[39mpackages\core\__tests__\mcp-service-manager.spec.ts:258:23
[90m    at processTicksAndRejections (node:internal/process/task_queues:105:5)[39m
    at file:///C:/PM%20Tool/node_modules/[4m.pnpm[24m/@vitest+runner@2.1.9/node_modules/[4m@vitest[24m/runn
er/dist/index.js:533:5
    at runTest (file:///C:/PM%20Tool/node_modules/[4m.pnpm[24m/@vitest+runner@2.1.9/node_modules/[4m@vitest
[24m/runner/dist/index.js:1056:11)
    at runSuite (file:///C:/PM%20Tool/node_modules/[4m.pnpm[24m/@vitest+runner@2.1.9/node_modules/[4m@vitest
[24m/runner/dist/index.js:1205:15)
MCP service ocr-label failed: Error: Service failure
    at [90mE:\claimlens-starter\[39mpackages\core\__tests__\mcp-service-manager.spec.ts:252:15
    at mockCall (file:///C:/PM%20Tool/node_modules/[4m.pnpm[24m/@vitest+spy@2.1.9/node_modules/[4m@vitest[2
4m/spy/dist/index.js:61:17)
    at spy (file:///C:/PM%20Tool/node_modules/[4m.pnpm[24m/tinyspy@3.0.2/node_modules/[4mtinyspy[24m/dist/i
ndex.js:45:80)
    at CircuitBreaker.execute [90m(E:\claimlens-starter\[39mpackages\core\circuit-breaker.ts:79:9[90m)[39m
    at MCPServiceManager.callService 
[90m(E:\claimlens-starter\[39mpackages\core\mcp-service-manager.ts:115:36[90m)[39m
    at [90mE:\claimlens-starter\[39mpackages\core\__tests__\mcp-service-manager.spec.ts:257:23
[90m    at processTicksAndRejections (node:internal/process/task_queues:105:5)[39m
    at file:///C:/PM%20Tool/node_modules/[4m.pnpm[24m/@vitest+runner@2.1.9/node_modules/[4m@vitest[24m/runn
er/dist/index.js:533:5
    at runTest (file:///C:/PM%20Tool/node_modules/[4m.pnpm[24m/@vitest+runner@2.1.9/node_modules/[4m@vitest
[24m/runner/dist/index.js:1056:11)
    at runSuite (file:///C:/PM%20Tool/node_modules/[4m.pnpm[24m/@vitest+runner@2.1.9/node_modules/[4m@vitest
[24m/runner/dist/index.js:1205:15)
MCP service unit-convert failed: Error: Service failure
    at [90mE:\claimlens-starter\[39mpackages\core\__tests__\mcp-service-manager.spec.ts:252:15
    at mockCall (file:///C:/PM%20Tool/node_modules/[4m.pnpm[24m/@vitest+spy@2.1.9/node_modules/[4m@vitest[2
4m/spy/dist/index.js:61:17)
    at spy (file:///C:/PM%20Tool/node_modules/[4m.pnpm[24m/tinyspy@3.0.2/node_modules/[4mtinyspy[24m/dist/i
ndex.js:45:80)
    at CircuitBreaker.execute [90m(E:\claimlens-starter\[39mpackages\core\circuit-breaker.ts:79:9[90m)[39m
    at MCPServiceManager.callService 
[90m(E:\claimlens-starter\[39mpackages\core\mcp-service-manager.ts:115:36[90m)[39m
    at [90mE:\claimlens-starter\[39mpackages\core\__tests__\mcp-service-manager.spec.ts:258:23
[90m    at processTicksAndRejections (node:internal/process/task_queues:105:5)[39m
    at file:///C:/PM%20Tool/node_modules/[4m.pnpm[24m/@vitest+runner@2.1.9/node_modules/[4m@vitest[24m/runn
er/dist/index.js:533:5
    at runTest (file:///C:/PM%20Tool/node_modules/[4m.pnpm[24m/@vitest+runner@2.1.9/node_modules/[4m@vitest
[24m/runner/dist/index.js:1056:11)
    at runSuite (file:///C:/PM%20Tool/node_modules/[4m.pnpm[24m/@vitest+runner@2.1.9/node_modules/[4m@vitest
[24m/runner/dist/index.js:1205:15)
MCP service ocr-label failed: Error: Service failure
    at [90mE:\claimlens-starter\[39mpackages\core\__tests__\mcp-service-manager.spec.ts:252:15
    at mockCall (file:///C:/PM%20Tool/node_modules/[4m.pnpm[24m/@vitest+spy@2.1.9/node_modules/[4m@vitest[2
4m/spy/dist/index.js:61:17)
    at spy (file:///C:/PM%20Tool/node_modules/[4m.pnpm[24m/tinyspy@3.0.2/node_modules/[4mtinyspy[24m/dist/i
ndex.js:45:80)
    at CircuitBreaker.execute [90m(E:\claimlens-starter\[39mpackages\core\circuit-breaker.ts:79:9[90m)[39m
    at MCPServiceManager.callService 
[90m(E:\claimlens-starter\[39mpackages\core\mcp-service-manager.ts:115:36[90m)[39m
    at [90mE:\claimlens-starter\[39mpackages\core\__tests__\mcp-service-manager.spec.ts:257:23
[90m    at processTicksAndRejections (node:internal/process/task_queues:105:5)[39m
    at file:///C:/PM%20Tool/node_modules/[4m.pnpm[24m/@vitest+runner@2.1.9/node_modules/[4m@vitest[24m/runn
er/dist/index.js:533:5
[90mstdout[2m | packages/core/__tests__/transform-chain.integration.spec.ts[2m > [22m[2mTransform Chain Integration Tests[2m > [22m[2mPerformance Budget Validation[2m > [22m[2mshould measure individual transform performance
[22m[39mIndividual transform timings:
  detect.allergens: 0.13ms
  rewrite.disclaimer: 0.10ms
  redact.pii: 0.09ms

[90mstdout[2m | packages/core/__tests__/mcp-service-manager.spec.ts[2m > [22m[2mMCPServiceManager[2m > [22m[2mDegraded Mode Detection[2m > [22m[2mshould return null audit note for healthy services
[22m[39mMCP Service Manager initialized with 2 services

 [32mΓ£ô[39m packages/core/__tests__/pipeline.integration.spec.ts [2m([22m[2m15 tests[22m[2m)[22m[33m 1144[2mms[22m[39m
 [32mΓ£ô[39m packages/core/__tests__/audit-pack-generator.spec.ts [2m([22m[2m11 tests[22m[2m)[22m[33m 1900[2mms[22m[39m
   [33m[2mΓ£ô[22m[39m AuditPackGenerator[2m > [22mgenerate[2m > [22mshould include transform execution details [33m509[2mms[22m[39m
   [33m[2mΓ£ô[22m[39m AuditPackGenerator[2m > [22mgenerate[2m > [22mshould auto-generate pack ID if not provided [33m646[2mms[22m[39m
[90mstdout[2m | packages/core/__tests__/mcp-service-manager.spec.ts[2m > [22m[2mMCPServiceManager[2m > [22m[2mReset[2m > [22m[2mshould reset all circuit breakers
[22m[39mMCP Service Manager initialized with 2 services
Applying fallback for ocr-label: pass_through
Applying fallback for ocr-label: pass_through
Applying fallback for ocr-label: pass_through
Applying fallback for ocr-label: pass_through
Circuit breaker ocr-label: Opened after 5 failures
Applying fallback for ocr-label: pass_through

 [32mΓ£ô[39m packages/core/__tests__/transform-chain.integration.spec.ts [2m([22m[2m16 tests[22m[2m)[22m[33m 521[2mms[22m[39m
    at runTest (file:///C:/PM%20Tool/node_modules/[4m.pnpm[24m/@vitest+runner@2.1.9/node_modules/[4m@vitest
[24m/runner/dist/index.js:1056:11)
    at runSuite (file:///C:/PM%20Tool/node_modules/[4m.pnpm[24m/@vitest+runner@2.1.9/node_modules/[4m@vitest
[24m/runner/dist/index.js:1205:15)
MCP service unit-convert failed: Error: Service failure
    at [90mE:\claimlens-starter\[39mpackages\core\__tests__\mcp-service-manager.spec.ts:252:15
    at mockCall (file:///C:/PM%20Tool/node_modules/[4m.pnpm[24m/@vitest+spy@2.1.9/node_modules/[4m@vitest[2
4m/spy/dist/index.js:61:17)
    at spy (file:///C:/PM%20Tool/node_modules/[4m.pnpm[24m/tinyspy@3.0.2/node_modules/[4mtinyspy[24m/dist/i
ndex.js:45:80)
    at CircuitBreaker.execute [90m(E:\claimlens-starter\[39mpackages\core\circuit-breaker.ts:79:9[90m)[39m
    at MCPServiceManager.callService 
[90m(E:\claimlens-starter\[39mpackages\core\mcp-service-manager.ts:115:36[90m)[39m
    at [90mE:\claimlens-starter\[39mpackages\core\__tests__\mcp-service-manager.spec.ts:258:23
[90m    at processTicksAndRejections (node:internal/process/task_queues:105:5)[39m
    at file:///C:/PM%20Tool/node_modules/[4m.pnpm[24m/@vitest+runner@2.1.9/node_modules/[4m@vitest[24m/runn
er/dist/index.js:533:5
    at runTest (file:///C:/PM%20Tool/node_modules/[4m.pnpm[24m/@vitest+runner@2.1.9/node_modules/[4m@vitest
[24m/runner/dist/index.js:1056:11)
    at runSuite (file:///C:/PM%20Tool/node_modules/[4m.pnpm[24m/@vitest+runner@2.1.9/node_modules/[4m@vitest
[24m/runner/dist/index.js:1205:15)
MCP service ocr-label failed: Error: Service failure
    at [90mE:\claimlens-starter\[39mpackages\core\__tests__\mcp-service-manager.spec.ts:252:15
    at mockCall (file:///C:/PM%20Tool/node_modules/[4m.pnpm[24m/@vitest+spy@2.1.9/node_modules/[4m@vitest[2
4m/spy/dist/index.js:61:17)
    at spy (file:///C:/PM%20Tool/node_modules/[4m.pnpm[24m/tinyspy@3.0.2/node_modules/[4mtinyspy[24m/dist/i
ndex.js:45:80)
    at CircuitBreaker.execute [90m(E:\claimlens-starter\[39mpackages\core\circuit-breaker.ts:79:9[90m)[39m
    at MCPServiceManager.callService 
[90m(E:\claimlens-starter\[39mpackages\core\mcp-service-manager.ts:115:36[90m)[39m
    at [90mE:\claimlens-starter\[39mpackages\core\__tests__\mcp-service-manager.spec.ts:257:23
[90m    at processTicksAndRejections (node:internal/process/task_queues:105:5)[39m
    at file:///C:/PM%20Tool/node_modules/[4m.pnpm[24m/@vitest+runner@2.1.9/node_modules/[4m@vitest[24m/runn
er/dist/index.js:533:5
    at runTest (file:///C:/PM%20Tool/node_modules/[4m.pnpm[24m/@vitest+runner@2.1.9/node_modules/[4m@vitest
[24m/runner/dist/index.js:1056:11)
    at runSuite (file:///C:/PM%20Tool/node_modules/[4m.pnpm[24m/@vitest+runner@2.1.9/node_modules/[4m@vitest
[24m/runner/dist/index.js:1205:15)
MCP service unit-convert failed: Error: Service failure
    at [90mE:\claimlens-starter\[39mpackages\core\__tests__\mcp-service-manager.spec.ts:252:15
    at mockCall (file:///C:/PM%20Tool/node_modules/[4m.pnpm[24m/@vitest+spy@2.1.9/node_modules/[4m@vitest[2
4m/spy/dist/index.js:61:17)
    at spy (file:///C:/PM%20Tool/node_modules/[4m.pnpm[24m/tinyspy@3.0.2/node_modules/[4mtinyspy[24m/dist/i
ndex.js:45:80)
    at CircuitBreaker.execute [90m(E:\claimlens-starter\[39mpackages\core\circuit-breaker.ts:79:9[90m)[39m
    at MCPServiceManager.callService 
[90m(E:\claimlens-starter\[39mpackages\core\mcp-service-manager.ts:115:36[90m)[39m
    at [90mE:\claimlens-starter\[39mpackages\core\__tests__\mcp-service-manager.spec.ts:258:23
[90m    at processTicksAndRejections (node:internal/process/task_queues:105:5)[39m
    at file:///C:/PM%20Tool/node_modules/[4m.pnpm[24m/@vitest+runner@2.1.9/node_modules/[4m@vitest[24m/runn
er/dist/index.js:533:5
    at runTest (file:///C:/PM%20Tool/node_modules/[4m.pnpm[24m/@vitest+runner@2.1.9/node_modules/[4m@vitest
[24m/runner/dist/index.js:1056:11)
    at runSuite (file:///C:/PM%20Tool/node_modules/[4m.pnpm[24m/@vitest+runner@2.1.9/node_modules/[4m@vitest
[24m/runner/dist/index.js:1205:15)

[90mstderr[2m | packages/core/__tests__/transform-chain.integration.spec.ts[2m > [22m[2mTransform Chain 
Integration Tests[2m > [22m[2mError Handling in Chain[2m > [22m[2mshould continue chain execution if one 
transform fails
[22m[39mTransform failing failed: Error: Transform failed
    at [90mE:\claimlens-starter\[39mpackages\core\__tests__\transform-chain.integration.spec.ts:546:15
    at TransformPipeline.executeWithTimeout 
[90m(E:\claimlens-starter\[39mpackages\core\pipeline.ts:286:23[90m)[39m
    at TransformPipeline.execute [90m(E:\claimlens-starter\[39mpackages\core\pipeline.ts:164:35[90m)[39m
[90m    at processTicksAndRejections (node:internal/process/task_queues:105:5)[39m
    at [90mE:\claimlens-starter\[39mpackages\core\__tests__\transform-chain.integration.spec.ts:563:23
    at file:///C:/PM%20Tool/node_modules/[4m.pnpm[24m/@vitest+runner@2.1.9/node_modules/[4m@vitest[24m/runn
er/dist/index.js:533:5
    at runTest (file:///C:/PM%20Tool/node_modules/[4m.pnpm[24m/@vitest+runner@2.1.9/node_modules/[4m@vitest
[24m/runner/dist/index.js:1056:11)
    at runSuite (file:///C:/PM%20Tool/node_modules/[4m.pnpm[24m/@vitest+runner@2.1.9/node_modules/[4m@vitest
[24m/runner/dist/index.js:1205:15)
    at runSuite (file:///C:/PM%20Tool/node_modules/[4m.pnpm[24m/@vitest+runner@2.1.9/node_modules/[4m@vitest
[24m/runner/dist/index.js:1205:15)
    at runSuite (file:///C:/PM%20Tool/node_modules/[4m.pnpm[24m/@vitest+runner@2.1.9/node_modules/[4m@vitest
[24m/runner/dist/index.js:1205:15)

[90mstderr[2m | packages/core/__tests__/mcp-service-manager.spec.ts[2m > [22m[2mMCPServiceManager[2m > 
[22m[2mReset[2m > [22m[2mshould reset all circuit breakers
[22m[39mMCP service ocr-label failed: Error: Service failure
    at [90mE:\claimlens-starter\[39mpackages\core\__tests__\mcp-service-manager.spec.ts:279:15
    at mockCall (file:///C:/PM%20Tool/node_modules/[4m.pnpm[24m/@vitest+spy@2.1.9/node_modules/[4m@vitest[2
4m/spy/dist/index.js:61:17)
    at spy (file:///C:/PM%20Tool/node_modules/[4m.pnpm[24m/tinyspy@3.0.2/node_modules/[4mtinyspy[24m/dist/i
ndex.js:45:80)
    at CircuitBreaker.execute [90m(E:\claimlens-starter\[39mpackages\core\circuit-breaker.ts:79:9[90m)[39m
    at MCPServiceManager.callService 
[90m(E:\claimlens-starter\[39mpackages\core\mcp-service-manager.ts:115:36[90m)[39m
    at [90mE:\claimlens-starter\[39mpackages\core\__tests__\mcp-service-manager.spec.ts:284:23
    at file:///C:/PM%20Tool/node_modules/[4m.pnpm[24m/@vitest+runner@2.1.9/node_modules/[4m@vitest[24m/runn
er/dist/index.js:146:14
    at file:///C:/PM%20Tool/node_modules/[4m.pnpm[24m/@vitest+runner@2.1.9/node_modules/[4m@vitest[24m/runn
er/dist/index.js:533:11
    at runWithTimeout (file:///C:/PM%20Tool/node_modules/[4m.pnpm[24m/@vitest+runner@2.1.9/node_modules/[4m@
vitest[24m/runner/dist/index.js:39:7)
    at runTest (file:///C:/PM%20Tool/node_modules/[4m.pnpm[24m/@vitest+runner@2.1.9/node_modules/[4m@vitest
[24m/runner/dist/index.js:1056:17)
MCP service ocr-label failed: Error: Service failure
    at [90mE:\claimlens-starter\[39mpackages\core\__tests__\mcp-service-manager.spec.ts:279:15
    at mockCall (file:///C:/PM%20Tool/node_modules/[4m.pnpm[24m/@vitest+spy@2.1.9/node_modules/[4m@vitest[2
4m/spy/dist/index.js:61:17)
    at spy (file:///C:/PM%20Tool/node_modules/[4m.pnpm[24m/tinyspy@3.0.2/node_modules/[4mtinyspy[24m/dist/i
ndex.js:45:80)
    at CircuitBreaker.execute [90m(E:\claimlens-starter\[39mpackages\core\circuit-breaker.ts:79:9[90m)[39m
    at MCPServiceManager.callService 
[90m(E:\claimlens-starter\[39mpackages\core\mcp-service-manager.ts:115:36[90m)[39m
    at [90mE:\claimlens-starter\[39mpackages\core\__tests__\mcp-service-manager.spec.ts:284:23
[90m    at processTicksAndRejections (node:internal/process/task_queues:105:5)[39m
    at file:///C:/PM%20Tool/node_modules/[4m.pnpm[24m/@vitest+runner@2.1.9/node_modules/[4m@vitest[24m/runn
er/dist/index.js:533:5
    at runTest (file:///C:/PM%20Tool/node_modules/[4m.pnpm[24m/@vitest+runner@2.1.9/node_modules/[4m@vitest
[24m/runner/dist/index.js:1056:11)
    at runSuite (file:///C:/PM%20Tool/node_modules/[4m.pnpm[24m/@vitest+runner@2.1.9/node_modules/[4m@vitest
[24m/runner/dist/index.js:1205:15)
 [32mΓ£ô[39m packages/core/__tests__/mcp-service-manager.spec.ts [2m([22m[2m14 tests[22m[2m)[22m[33m 969[2mms[22m[39m
MCP service ocr-label failed: Error: Service failure
    at [90mE:\claimlens-starter\[39mpackages\core\__tests__\mcp-service-manager.spec.ts:279:15
    at mockCall (file:///C:/PM%20Tool/node_modules/[4m.pnpm[24m/@vitest+spy@2.1.9/node_modules/[4m@vitest[2
4m/spy/dist/index.js:61:17)
    at spy (file:///C:/PM%20Tool/node_modules/[4m.pnpm[24m/tinyspy@3.0.2/node_modules/[4mtinyspy[24m/dist/i
ndex.js:45:80)
    at CircuitBreaker.execute [90m(E:\claimlens-starter\[39mpackages\core\circuit-breaker.ts:79:9[90m)[39m
    at MCPServiceManager.callService 
[90m(E:\claimlens-starter\[39mpackages\core\mcp-service-manager.ts:115:36[90m)[39m
    at [90mE:\claimlens-starter\[39mpackages\core\__tests__\mcp-service-manager.spec.ts:284:23
[90m    at processTicksAndRejections (node:internal/process/task_queues:105:5)[39m
    at file:///C:/PM%20Tool/node_modules/[4m.pnpm[24m/@vitest+runner@2.1.9/node_modules/[4m@vitest[24m/runn
er/dist/index.js:533:5
    at runTest (file:///C:/PM%20Tool/node_modules/[4m.pnpm[24m/@vitest+runner@2.1.9/node_modules/[4m@vitest
[24m/runner/dist/index.js:1056:11)
    at runSuite (file:///C:/PM%20Tool/node_modules/[4m.pnpm[24m/@vitest+runner@2.1.9/node_modules/[4m@vitest
[24m/runner/dist/index.js:1205:15)
MCP service ocr-label failed: Error: Service failure
    at [90mE:\claimlens-starter\[39mpackages\core\__tests__\mcp-service-manager.spec.ts:279:15
    at mockCall (file:///C:/PM%20Tool/node_modules/[4m.pnpm[24m/@vitest+spy@2.1.9/node_modules/[4m@vitest[2
4m/spy/dist/index.js:61:17)
    at spy (file:///C:/PM%20Tool/node_modules/[4m.pnpm[24m/tinyspy@3.0.2/node_modules/[4mtinyspy[24m/dist/i
ndex.js:45:80)
    at CircuitBreaker.execute [90m(E:\claimlens-starter\[39mpackages\core\circuit-breaker.ts:79:9[90m)[39m
    at MCPServiceManager.callService 
[90m(E:\claimlens-starter\[39mpackages\core\mcp-service-manager.ts:115:36[90m)[39m
    at [90mE:\claimlens-starter\[39mpackages\core\__tests__\mcp-service-manager.spec.ts:284:23
[90m    at processTicksAndRejections (node:internal/process/task_queues:105:5)[39m
    at file:///C:/PM%20Tool/node_modules/[4m.pnpm[24m/@vitest+runner@2.1.9/node_modules/[4m@vitest[24m/runn
er/dist/index.js:533:5
    at runTest (file:///C:/PM%20Tool/node_modules/[4m.pnpm[24m/@vitest+runner@2.1.9/node_modules/[4m@vitest
[24m/runner/dist/index.js:1056:11)
    at runSuite (file:///C:/PM%20Tool/node_modules/[4m.pnpm[24m/@vitest+runner@2.1.9/node_modules/[4m@vitest
[24m/runner/dist/index.js:1205:15)
MCP service ocr-label failed: Error: Service failure
    at [90mE:\claimlens-starter\[39mpackages\core\__tests__\mcp-service-manager.spec.ts:279:15
    at mockCall (file:///C:/PM%20Tool/node_modules/[4m.pnpm[24m/@vitest+spy@2.1.9/node_modules/[4m@vitest[2
4m/spy/dist/index.js:61:17)
    at spy (file:///C:/PM%20Tool/node_modules/[4m.pnpm[24m/tinyspy@3.0.2/node_modules/[4mtinyspy[24m/dist/i
ndex.js:45:80)
    at CircuitBreaker.execute [90m(E:\claimlens-starter\[39mpackages\core\circuit-breaker.ts:79:9[90m)[39m
    at MCPServiceManager.callService 
[90m(E:\claimlens-starter\[39mpackages\core\mcp-service-manager.ts:115:36[90m)[39m
    at [90mE:\claimlens-starter\[39mpackages\core\__tests__\mcp-service-manager.spec.ts:284:23
[90m    at processTicksAndRejections (node:internal/process/task_queues:105:5)[39m
    at file:///C:/PM%20Tool/node_modules/[4m.pnpm[24m/@vitest+runner@2.1.9/node_modules/[4m@vitest[24m/runn
er/dist/index.js:533:5
    at runTest (file:///C:/PM%20Tool/node_modules/[4m.pnpm[24m/@vitest+runner@2.1.9/node_modules/[4m@vitest
[24m/runner/dist/index.js:1056:11)
    at runSuite (file:///C:/PM%20Tool/node_modules/[4m.pnpm[24m/@vitest+runner@2.1.9/node_modules/[4m@vitest
[24m/runner/dist/index.js:1205:15)

 [32mΓ£ô[39m packages/transforms/__tests__/redact.pii.spec.ts [2m([22m[2m12 tests[22m[2m)[22m[90m 51[2mms[22m[39m
 [32mΓ£ô[39m packages/core/__tests__/normalize.spec.ts [2m([22m[2m14 tests[22m[2m)[22m[90m 25[2mms[22m[39m
 [32mΓ£ô[39m packages/transforms/__tests__/integration.menu.spec.ts [2m([22m[2m3 tests[22m[2m)[22m[90m 166[2mms[22m[39m
 [32mΓ£ô[39m packages/transforms/__tests__/detect.allergens.spec.ts [2m([22m[2m12 tests[22m[2m)[22m[90m 193[2mms[22m[39m
 [32mΓ£ô[39m packages/core/__tests__/tenant-rbac.spec.ts [2m([22m[2m24 tests[22m[2m)[22m[33m 4797[2mms[22m[39m
   [33m[2mΓ£ô[22m[39m Password Hashing[2m > [22mshould hash passwords securely [33m502[2mms[22m[39m
   [33m[2mΓ£ô[22m[39m Password Hashing[2m > [22mshould verify correct passwords [33m1051[2mms[22m[39m
   [33m[2mΓ£ô[22m[39m Password Hashing[2m > [22mshould reject incorrect passwords [33m1214[2mms[22m[39m
   [33m[2mΓ£ô[22m[39m Password Hashing[2m > [22mshould generate different hashes for same password [33m1972[2mms[22m[39m
[90mstdout[2m | app/api/__tests__/export.spec.ts[2m > [22m[2mExport API Routes[2m > [22m[2mGET /v1/export/menu.ndjson[2m > [22m[2mshould export cleaned items in NDJSON format
[22m[39mAPI Gateway listening on port 0

 [32mΓ£ô[39m app/api/__tests__/idempotency.spec.ts [2m([22m[2m6 tests[22m[2m)[22m[90m 30[2mms[22m[39m
[90mstdout[2m | app/api/__tests__/export.spec.ts[2m > [22m[2mExport API Routes[2m > [22m[2mGET /v1/export/menu.ndjson[2m > [22m[2mshould scope exports to requesting tenant only
[22m[39mAPI Gateway listening on port 0

 [31mΓ¥»[39m app/api/__tests__/menu.spec.ts [2m([22m[2m13 tests[22m[2m | [22m[31m3 failed[39m[2m)[22m[33m 749[2mms[22m[39m
[31m   [31m├ù[31m Menu API Routes[2m > [22mPOST /v1/menu/validate[2m > [22mshould accept valid item[90m 43[2mms[22m[31m[39m
[31m     ΓåÆ expected 429 to be 200 // Object.is equality[39m
[31m   [31m├ù[31m Menu API Routes[2m > [22mPOST /v1/menu/validate[2m > [22mshould normalize ingredients before processing[90m 48[2mms[22m[31m[39m
[31m     ΓåÆ expected 429 to be 200 // Object.is equality[39m
[31m   [31m├ù[31m Menu API Routes[2m > [22mIdempotency[2m > [22mshould return same response for duplicate idempotency key[90m 15[2mms[22m[31m[39m
[31m     ΓåÆ expected 429 to be 200 // Object.is equality[39m
[90mstdout[2m | app/api/__tests__/export.spec.ts[2m > [22m[2mExport API Routes[2m > [22m[2mGET /v1/export/menu.ndjson[2m > [22m[2mshould support pagination with cursor
[22m[39mAPI Gateway listening on port 0

[90mstdout[2m | app/api/__tests__/export.spec.ts[2m > [22m[2mExport API Routes[2m > [22m[2mGET /v1/export/menu.ndjson[2m > [22m[2mshould encode and decode cursors correctly
[22m[39mAPI Gateway listening on port 0

[90mstdout[2m | app/api/__tests__/export.spec.ts[2m > [22m[2mExport API Routes[2m > [22m[2mGET /v1/export/menu.ndjson[2m > [22m[2mshould return 400 for invalid cursor
[22m[39mAPI Gateway listening on port 0

[90mstdout[2m | app/api/__tests__/export.spec.ts[2m > [22m[2mExport API Routes[2m > [22m[2mGET /v1/export/menu.ndjson[2m > [22m[2mshould enforce rate limit of 10 requests per hour
[22m[39mAPI Gateway listening on port 0

[90mstderr[2m | app/api/__tests__/api-endpoints.spec.ts[2m > [22m[2mAPI Endpoint Tests - Task 3.5[2m > 
[22m[2mIdempotency Key Handling (Req 25.7)[2m > [22m[2mshould work with /v1/menu/validate endpoint
[22m[39mTransform detect.allergens not registered, skipping

[90mstdout[2m | app/api/__tests__/export.spec.ts[2m > [22m[2mExport API Routes[2m > [22m[2mGET /v1/export/menu.ndjson[2m > [22m[2mshould respect limit parameter with max 1000
[22m[39mAPI Gateway listening on port 0

 [31mΓ¥»[39m app/api/__tests__/api-endpoints.spec.ts [2m([22m[2m33 tests[22m[2m | [22m[31m1 failed[39m[2m)[22m[33m 1693[2mms[22m[39m
[31m   [31m├ù[31m API Endpoint Tests - Task 3.5[2m > [22mAuthentication and Authorization (Req 18.2)[2m > [22mshould reject request with invalid API key[90m 130[2mms[22m[31m[39m
[31m     ΓåÆ expected 'INVALID_TOKEN' to be 'INVALID_API_KEY' // Object.is equality[39m
 [31mΓ¥»[39m app/api/__tests__/gateway.integration.spec.ts [2m([22m[2m10 tests[22m[2m | [22m[31m1 failed[39m[2m)[22m[33m 331[2mms[22m[39m
[31m   [31m├ù[31m API Gateway Integration[2m > [22mAuthentication[2m > [22mshould reject requests with invalid Bearer token[90m 38[2mms[22m[31m[39m
[31m     ΓåÆ expected 'INVALID_TOKEN' to be 'INVALID_API_KEY' // Object.is equality[39m
[90mstdout[2m | app/api/__tests__/export.spec.ts[2m > [22m[2mExport API Routes[2m > [22m[2mGET /v1/export/menu.ndjson[2m > [22m[2mshould return empty NDJSON for tenant with no records
[22m[39mAPI Gateway listening on port 0

[90mstdout[2m | app/api/__tests__/export.spec.ts[2m > [22m[2mExport API Routes[2m > [22m[2mGET /v1/export/menu.ndjson[2m > [22m[2mshould require authentication
[22m[39mAPI Gateway listening on port 0

 [32mΓ£ô[39m app/api/__tests__/export.spec.ts [2m([22m[2m9 tests[22m[2m)[22m[33m 1906[2mms[22m[39m
   [33m[2mΓ£ô[22m[39m Export API Routes[2m > [22mGET /v1/export/menu.ndjson[2m > [22mshould respect limit parameter with max 1000 [33m816[2mms[22m[39m

[31mΓÄ»ΓÄ»ΓÄ»ΓÄ»ΓÄ»ΓÄ»ΓÄ»[1m[7m Failed Tests 5 [27m[22mΓÄ»ΓÄ»ΓÄ»ΓÄ»ΓÄ»ΓÄ»ΓÄ»[39m

[31m[1m[7m FAIL [27m[22m[39m app/api/__tests__/api-endpoints.spec.ts[2m > [22mAPI Endpoint Tests - 
Task 3.5[2m > [22mAuthentication and Authorization (Req 18.2)[2m > [22mshould reject request with invalid 
API key
[31m[1mAssertionError[22m: expected 'INVALID_TOKEN' to be 'INVALID_API_KEY' // Object.is equality[39m

Expected: [32m"INVALID_[7mAPI_[27mKE[7mY[27m"[39m
Received: [31m"INVALID_[7mTO[27mKE[7mN[27m"[39m

[36m [2mΓ¥»[22m app/api/__tests__/api-endpoints.spec.ts:[2m54:40[22m[39m
    [90m 52| [39m
    [90m 53| [39m      
[34mexpect[39m(response[33m.[39mstatus)[33m.[39m[34mtoBe[39m([34m401[39m)[33m;[39m
    [90m 54| [39m      [34mexpect[39m(response[33m.[39mbody[33m.[39merror[33m.[39mcode)[33m.[39m[3
4mtoBe[39m([32m'INVALID_API_KEY'[39m)[33m;[39m
    [90m   | [39m                                       [31m^[39m
    [90m 55| [39m      [34mexpect[39m(response[33m.[39mbody[33m.[39merror[33m.[39mmessage)[33m.[39m
[34mtoContain[39m([32m'Invalid API key'[39m)[33m;[39m
    [90m 56| [39m    })[33m;[39m

[31m[2mΓÄ»ΓÄ»ΓÄ»ΓÄ»ΓÄ»ΓÄ»ΓÄ»ΓÄ»ΓÄ»ΓÄ»ΓÄ»ΓÄ»ΓÄ»ΓÄ»ΓÄ»ΓÄ»ΓÄ»ΓÄ»ΓÄ»ΓÄ»ΓÄ»ΓÄ»ΓÄ»ΓÄ»[1/5]ΓÄ»[22m[39m

[31m[1m[7m FAIL [27m[22m[39m app/api/__tests__/gateway.integration.spec.ts[2m > [22mAPI Gateway 
Integration[2m > [22mAuthentication[2m > [22mshould reject requests with invalid Bearer token
[31m[1mAssertionError[22m: expected 'INVALID_TOKEN' to be 'INVALID_API_KEY' // Object.is equality[39m

Expected: [32m"INVALID_[7mAPI_[27mKE[7mY[27m"[39m
Received: [31m"INVALID_[7mTO[27mKE[7mN[27m"[39m

[36m [2mΓ¥»[22m app/api/__tests__/gateway.integration.spec.ts:[2m70:40[22m[39m
    [90m 68| [39m
    [90m 69| [39m      
[34mexpect[39m(response[33m.[39mstatus)[33m.[39m[34mtoBe[39m([34m401[39m)[33m;[39m
    [90m 70| [39m      [34mexpect[39m(response[33m.[39mbody[33m.[39merror[33m.[39mcode)[33m.[39m[3
4mtoBe[39m([32m'INVALID_API_KEY'[39m)[33m;[39m
    [90m   | [39m                                       [31m^[39m
    [90m 71| [39m    })[33m;[39m
    [90m 72| [39m

[31m[2mΓÄ»ΓÄ»ΓÄ»ΓÄ»ΓÄ»ΓÄ»ΓÄ»ΓÄ»ΓÄ»ΓÄ»ΓÄ»ΓÄ»ΓÄ»ΓÄ»ΓÄ»ΓÄ»ΓÄ»ΓÄ»ΓÄ»ΓÄ»ΓÄ»ΓÄ»ΓÄ»ΓÄ»[2/5]ΓÄ»[22m[39m

[31m[1m[7m FAIL [27m[22m[39m app/api/__tests__/menu.spec.ts[2m > [22mMenu API Routes[2m > [22mPOST 
/v1/menu/validate[2m > [22mshould accept valid item
[31m[1mAssertionError[22m: expected 429 to be 200 // Object.is equality[39m

[32m- Expected[39m
[31m+ Received[39m

[32m- 200[39m
[31m+ 429[39m

[36m [2mΓ¥»[22m app/api/__tests__/menu.spec.ts:[2m183:31[22m[39m
    [90m181| [39m        })[33m;[39m
    [90m182| [39m
    [90m183| [39m      
[34mexpect[39m(response[33m.[39mstatus)[33m.[39m[34mtoBe[39m([34m200[39m)[33m;[39m
    [90m   | [39m                              [31m^[39m
    [90m184| [39m      
[34mexpect[39m(response[33m.[39mbody)[33m.[39m[34mtoHaveProperty[39m([32m'verdict'[39m)[33m;[39m
    [90m185| [39m      
[34mexpect[39m(response[33m.[39mbody)[33m.[39m[34mtoHaveProperty[39m([32m'audit_id'[39m)[33m;[39m

[31m[2mΓÄ»ΓÄ»ΓÄ»ΓÄ»ΓÄ»ΓÄ»ΓÄ»ΓÄ»ΓÄ»ΓÄ»ΓÄ»ΓÄ»ΓÄ»ΓÄ»ΓÄ»ΓÄ»ΓÄ»ΓÄ»ΓÄ»ΓÄ»ΓÄ»ΓÄ»ΓÄ»ΓÄ»[3/5]ΓÄ»[22m[39m

[31m[1m[7m FAIL [27m[22m[39m app/api/__tests__/menu.spec.ts[2m > [22mMenu API Routes[2m > [22mPOST 
/v1/menu/validate[2m > [22mshould normalize ingredients before processing
[31m[1mAssertionError[22m: expected 429 to be 200 // Object.is equality[39m

[32m- Expected[39m
[31m+ Received[39m

[32m- 200[39m
[31m+ 429[39m

[36m [2mΓ¥»[22m app/api/__tests__/menu.spec.ts:[2m201:31[22m[39m
    [90m199| [39m        })[33m;[39m
    [90m200| [39m
    [90m201| [39m      
[34mexpect[39m(response[33m.[39mstatus)[33m.[39m[34mtoBe[39m([34m200[39m)[33m;[39m
    [90m   | [39m                              [31m^[39m
    [90m202| [39m      [34mexpect[39m(response[33m.[39mbody[33m.[39mverdict)[33m.[39m[34mtoHavePrope
rty[39m([32m'verdict'[39m)[33m;[39m
    [90m203| [39m    })[33m;[39m

[31m[2mΓÄ»ΓÄ»ΓÄ»ΓÄ»ΓÄ»ΓÄ»ΓÄ»ΓÄ»ΓÄ»ΓÄ»ΓÄ»ΓÄ»ΓÄ»ΓÄ»ΓÄ»ΓÄ»ΓÄ»ΓÄ»ΓÄ»ΓÄ»ΓÄ»ΓÄ»ΓÄ»ΓÄ»[4/5]ΓÄ»[22m[39m

[31m[1m[7m FAIL [27m[22m[39m app/api/__tests__/menu.spec.ts[2m > [22mMenu API Routes[2m > 
[22mIdempotency[2m > [22mshould return same response for duplicate idempotency key
[31m[1mAssertionError[22m: expected 429 to be 200 // Object.is equality[39m

[32m- Expected[39m
[31m+ Received[39m

[32m- 200[39m
[31m+ 429[39m

[36m [2mΓ¥»[22m app/api/__tests__/menu.spec.ts:[2m222:32[22m[39m
    [90m220| [39m        })[33m;[39m
    [90m221| [39m
    [90m222| [39m      
[34mexpect[39m(response1[33m.[39mstatus)[33m.[39m[34mtoBe[39m([34m200[39m)[33m;[39m
    [90m   | [39m                               [31m^[39m
    [90m223| [39m      [35mconst[39m auditId1 [33m=[39m 
response1[33m.[39mbody[33m.[39mverdicts[[34m0[39m][33m.[39maudit_id[33m;[39m
    [90m224| [39m

[31m[2mΓÄ»ΓÄ»ΓÄ»ΓÄ»ΓÄ»ΓÄ»ΓÄ»ΓÄ»ΓÄ»ΓÄ»ΓÄ»ΓÄ»ΓÄ»ΓÄ»ΓÄ»ΓÄ»ΓÄ»ΓÄ»ΓÄ»ΓÄ»ΓÄ»ΓÄ»ΓÄ»ΓÄ»[5/5]ΓÄ»[22m[39m

[2m Test Files [22m [1m[31m3 failed[39m[22m[2m | [22m[1m[32m18 passed[39m[22m[90m (21)[39m
[2m      Tests [22m [1m[31m5 failed[39m[22m[2m | [22m[1m[32m283 passed[39m[22m[90m (288)[39m
[2m   Start at [22m 21:37:26
[2m   Duration [22m 8.29s[2m (transform 6.82s, setup 0ms, collect 30.74s, tests 16.94s, environment 17ms, prepare 16.22s)[22m

